Finance AI Query Test

Starting tests...


===== TESTING: "who is elon musk?" =====
Is Financial Query: false
Is General Knowledge Query: true
Classification: Non-financial general knowledge query - using fallback

FINAL OUTPUT:
I specialize in financial information and can help you with stock prices, cryptocurrency rates, exchange rates, investment calculations, and financial news. For this specific question, I would need to connect to my knowledge base which is currently experiencing connectivity issues. Could you try asking a specific finance-related question?

==================================================


===== TESTING: "how to become financially rich" =====
Is Financial Query: true
Is General Knowledge Query: true
Classification: Financial query - using full capabilities

FINAL OUTPUT:
Building wealth requires a combination of consistent saving, smart investing, and long-term planning. Here are key strategies:

==================================================


===== TESTING: "Calculate the return on $5000 invested at 8% for 5 years with compound interest" =====
Is Financial Query: true
Is General Knowledge Query: false
Classification: Financial query - using full capabilities

FINAL OUTPUT:
For a $5,000 investment at 8% annual interest compounded annually for 5 years:

==================================================


===== TESTING: "how to save tax" =====
Is Financial Query: true
Is General Knowledge Query: true
Classification: Financial query - using full capabilities

FINAL OUTPUT:
Here are effective tax-saving strategies:

==================================================


===== TESTING: "what is the current price of bitcoin?" =====
Is Financial Query: true
Is General Knowledge Query: true
Classification: Financial query - using full capabilities

FINAL OUTPUT:
This is a simulated response for your financial query. In a real environment with API access, I would provide specific financial information, data, or advice related to your question.

==================================================


===== TESTING: "explain quantum physics" =====
Is Financial Query: false
Is General Knowledge Query: true
Classification: Non-financial general knowledge query - using fallback

FINAL OUTPUT:
I specialize in financial information and can help you with stock prices, cryptocurrency rates, exchange rates, investment calculations, and financial news. For this specific question, I would need to connect to my knowledge base which is currently experiencing connectivity issues. Could you try asking a specific finance-related question?

==================================================

All tests completed.
